// Jest Snapshot v1, https://goo.gl/fbAQLP

exports[`add movie component shows movies form 1`] = `"<div><form><h1>Add new movie</h1><div><label>Title:</label> <input type=\\"text\\" name=\\"title\\" value=\\"\\"></div><div><label>Year:</label> <input type=\\"text\\" name=\\"title\\" value=\\"\\"></div><div><label>Country:</label> <input type=\\"text\\" name=\\"title\\" value=\\"\\"></div><div><label>Plot:</label> <input type=\\"text\\" name=\\"title\\" value=\\"\\"></div><button type=\\"submit\\">Submit</button></form></div>"`;
